// Vitest Snapshot v1, https://vitest.dev/guide/snapshot.html

exports[`renders correctly 1`] = `
<button
  id="example-button"
  onClick={[Function]}
  type="button"
>
  Clicked this many times 0
</button>
`;
